COWN-MQK-NS-CEL  sim800 - 0
COWN-UBE-P8-AH9
COWN-IYL-SV-2GX
COWN-RGD-ND-4FO
COWN-FX7-7T-T2N
COWN-P5E-M4-2OA
COWN-5F5-M1-UKJ
COWN-RTY-RM-POP
COWN-QQ9-Y6-W5W
COWN-2FC-22-IHQ
COWN-FQB-81-9IA
COWN-I8E-S1-1OK
COWN-VOS-DX-9Q6
COWN-SG1-SB-5UZ
COWN-WOJ-X7-CT3
COWN-SBI-KD-UH6
COWN-76T-T8-19L
COWN-OQH-82-8RE
COWN-5HT-OQ-6ZZ
COWN-YW8-Q7-2PI
COWN-POI-OV-7TN
COWN-NQZ-S6-KIB
COWN-VGU-NV-VPD
COWN-RC6-ZT-MNK
COWN-OYE-9K-EV5
COWN-FXX-IE-LNN
COWN-84P-ES-943
COWN-AKW-7L-U4L
COWN-LOW-11-FTQ
COWN-O7S-E8-X7O
COWN-QUQ-PF-VUD
COWN-2BX-84-RTP
COWN-OH1-4L-FNR
COWN-JUK-OM-6IG
COWN-MO1-HE-WAD
COWN-HW5-8H-65V
COWN-TSD-JF-Y8D
COWN-8BY-9H-P4T
COWN-DTB-FZ-8KU
COWN-OJL-KH-P9B
COWN-5Q9-RN-NXR
COWN-BZE-OF-BLK
COWN-M4D-9B-7VY
COWN-514-3Z-2AD
COWN-VTT-EA-TVE
COWN-1IA-HD-O7T
COWN-A2G-EM-Q3M
COWN-KSF-AA-A1X
COWN-35H-LU-VY7
COWN-8W5-BZ-XZ9
COWN-XIS-O8-DCM
COWN-5GV-CY-US9
COWN-4JZ-YQ-FPH
COWN-ABN-3T-KGU
COWN-O7W-UJ-35Y
COWN-FGN-8X-XUS
COWN-6JG-79-UP3
COWN-USY-L4-G12
COWN-9QV-S8-6O4
COWN-HIF-TF-95R
COWN-MMQ-KY-K7C
COWN-ZJZ-OP-E5L
COWN-TDH-BC-CHU
COWN-1OY-7J-QXO
COWN-5PM-Q2-M7F
COWN-33S-3A-58C
COWN-SM2-DB-5KX
COWN-K1F-ZP-HP4
COWN-92C-LC-UO3
COWN-CLJ-QH-HSW
COWN-E26-O3-8DT
COWN-XPF-PC-7JW
COWN-T5F-AK-2U8
COWN-HTR-4B-9ES
COWN-AF6-GQ-MFA
COWN-1LI-XQ-O2Q
COWN-AIH-VQ-TUU
COWN-S7L-89-6XW
COWN-5P6-DO-99L
COWN-S1Y-38-BHQ
COWN-SXY-N9-RMA
COWN-U9A-RY-O65
COWN-69C-YD-VEQ
COWN-S15-2C-3XV
COWN-7EJ-VV-L5T
COWN-8TD-TZ-VKP
COWN-OC2-22-41E
COWN-89Z-5A-SKV
COWN-VSJ-VV-QLD
COWN-QE8-KV-UKW
COWN-Z7H-19-EYI
COWN-TWP-RU-RRW
COWN-GAW-H6-CB6
COWN-46Q-HF-9M9
COWN-YEU-VD-KDQ
COWN-BHG-EC-4QU
COWN-ZAJ-3F-1LJ
COWN-BRL-1M-XMQ
COWN-8HW-DG-YIW
COWN-FT5-3W-OGY
COWN-TQY-66-HTC
COWN-NJ5-AP-LKH
COWN-PX9-YI-IHR
COWN-3AX-V6-7RY
COWN-JL8-9X-ITP
COWN-MEC-R8-DS8
COWN-ZCQ-DZ-64R
COWN-3MO-2I-3TQ
COWN-NYA-45-8PF
COWN-1FJ-EJ-6ED
COWN-HPJ-3R-XN1
COWN-Q1N-VO-V9Z
COWN-19S-3D-82E
COWN-EDH-BM-OIB